<?xml version="1.0" ?>
<SXLEMAP version="1.2">
  <TABLE name="TEAMS">
        <TABLE-PATH syntax="XPATH">
           /NHL/CONFERENCE/DIVISION/TEAM
         </TABLE-PATH>

        <COLUMN name="NAME">
          <PATH>
             /NHL/CONFERENCE/DIVISION/TEAM@name
            </PATH>
            <TYPE>character</TYPE>
            <DATATYPE>STRING</DATATYPE>
            <LENGTH>30</LENGTH>
         </COLUMN>

        <COLUMN name="ABBREV">
          <PATH>
           /NHL/CONFERENCE/DIVISION/TEAM/@abbrev
            </PATH>
            <TYPE>character</TYPE>
            <DATATYPE>STRING</DATATYPE>
            <LENGTH>3</LENGTH>
         </COLUMN>

       <COLUMN name="CONFERENCE" retain="YES">
          <PATH>/NHL/CONFERENCE</PATH>
            <TYPE>character</TYPE>
            <DATATYPE>STRING</DATATYPE>
            <LENGTH>10</LENGTH>
        </COLUMN>

       <COLUMN name="DIVISION" retain="YES">
           <PATH>
              /NHL/CONFERENCE/DIVISION
            </PATH>
            <TYPE>character</TYPE>
            <DATATYPE>STRING</DATATYPE>
            <LENGTH>10</LENGTH>
        </COLUMN>
  </TABLE>
</SXLEMAP>
